2026-10-06T07:31:15Z INF Thank you for trying Cloudflare Tunnel. Doing so, without a Cloudflare account, is a quick way to experiment and try it out. However, be aware that these account-less Tunnels have no uptime guarantee, are subject to the Cloudflare Online Services Terms of Use (https://www.cloudflare.com/website-terms/), and Cloudflare reserves the right to investigate your use of Tunnels for violations of such terms. If you intend to use Tunnels in production you should use a pre-created named tunnel by following: https://developers.cloudflare.com/cloudflare-one/connections/connect-apps
2026-10-06T07:31:15Z INF Requesting new quick Tunnel on trycloudflare.com...
2026-10-06T07:31:21Z INF +--------------------------------------------------------------------------------------------+
2026-10-06T07:31:21Z INF |  Your quick Tunnel has been created! Visit it at (it may take some time to be reachable):  |
2026-10-06T07:31:21Z INF |  https://trades-likewise-extensions-brian.trycloudflare.com                                |
2026-10-06T07:31:21Z INF +--------------------------------------------------------------------------------------------+
2026-10-06T07:31:21Z INF Cannot determine default configuration path. No file [config.yml config.yaml] in [~/.cloudflared ~/.cloudflare-warp ~/cloudflare-warp /etc/cloudflared /usr/local/etc/cloudflared]
2026-10-06T07:31:21Z INF Version 2026.6.1 (Checksum 9170a9ab6599ab83fec189aacac24d201953047202907d183f7feb6b637d9584)
2026-10-06T07:31:21Z INF GOOS: android, GOVersion: go1.26.4, GoArch: arm64
2026-10-06T07:31:21Z INF Settings: map[ha-connections:1 protocol:quic url:http://127.0.0.1:8000]
2026-10-06T07:31:21Z INF Autoupdate frequency is set autoupdateFreq=86400000
2026-10-06T07:31:21Z INF Generated Connector ID: 0793e4b3-174d-401c-a36b-285bfdd5b498
2026-10-06T07:31:21Z INF Initial protocol quic
2026-10-06T07:31:21Z INF ICMP proxy will use 100.76.26.195 as source for IPv4
2026-10-06T07:31:21Z INF ICMP proxy will use :: as source for IPv6
2026-10-06T07:31:21Z WRN The user running cloudflared process has a GID (group ID) that is not within ping_group_range. You might need to add that user to a group within that range, or instead update the range to encompass a group the user is already in by modifying /proc/sys/net/ipv4/ping_group_range. Otherwise cloudflared will not be able to ping this network error="open /proc/sys/net/ipv4/ping_group_range: permission denied"
2026-10-06T07:31:21Z INF ICMP proxy will use 100.76.26.195 as source for IPv4
2026-10-06T07:31:21Z INF ICMP proxy will use :: as source for IPv6
2026-10-06T07:31:21Z INF Starting metrics server on 127.0.0.1:44035/metrics
2026-10-06T07:31:21Z INF Tunnel connection curve preferences: [X25519MLKEM768 CurveID(65074) CurveP256] connIndex=0 event=0 ip=2606:4700:a0::3
2026-10-06T07:31:21Z INF +-------------------------------------------------------------------------------------+
2026-10-06T07:31:21Z INF |                               CONNECTIVITY PRE-CHECKS                               |
2026-10-06T07:31:21Z INF +-------------------------------------------------------------------------------------+
2026-10-06T07:31:21Z INF |  COMPONENT         TARGET                     STATUS  DETAILS                       |
2026-10-06T07:31:21Z INF |  DNS Resolution    region1.v2.argotunnel.com  PASS    DNS Resolved successfully     |
2026-10-06T07:31:21Z INF |  DNS Resolution    region2.v2.argotunnel.com  PASS    DNS Resolved successfully     |
2026-10-06T07:31:21Z INF |  UDP Connectivity  region1.v2.argotunnel.com  PASS    QUIC connection successful    |
2026-10-06T07:31:21Z INF |  UDP Connectivity  region2.v2.argotunnel.com  PASS    QUIC connection successful    |
2026-10-06T07:31:21Z INF |  TCP Connectivity  region1.v2.argotunnel.com  PASS    HTTP/2 connection successful  |
2026-10-06T07:31:21Z INF |  TCP Connectivity  region2.v2.argotunnel.com  PASS    HTTP/2 connection successful  |
2026-10-06T07:31:21Z INF |  Cloudflare API    api.cloudflare.com:443     PASS    API is reachable              |
2026-10-06T07:31:21Z INF |                                                                                     |
2026-10-06T07:31:21Z INF |  SUMMARY: Environment is healthy. cloudflared will use 'quic' as primary protocol.  |
2026-10-06T07:31:21Z INF +-------------------------------------------------------------------------------------+
2026-10-06T07:31:21Z INF precheck component="DNS Resolution" details="DNS Resolved successfully" run_id=6a9ed01e-e240-4323-8f17-bb0f04bd7230 status=pass target=region1.v2.argotunnel.com
2026-10-06T07:31:21Z INF precheck component="DNS Resolution" details="DNS Resolved successfully" run_id=6a9ed01e-e240-4323-8f17-bb0f04bd7230 status=pass target=region2.v2.argotunnel.com
2026-10-06T07:31:21Z INF precheck component="UDP Connectivity" details="QUIC connection successful" run_id=6a9ed01e-e240-4323-8f17-bb0f04bd7230 status=pass target=region1.v2.argotunnel.com
2026-10-06T07:31:21Z INF precheck component="UDP Connectivity" details="QUIC connection successful" run_id=6a9ed01e-e240-4323-8f17-bb0f04bd7230 status=pass target=region2.v2.argotunnel.com
2026-10-06T07:31:21Z INF precheck component="TCP Connectivity" details="HTTP/2 connection successful" run_id=6a9ed01e-e240-4323-8f17-bb0f04bd7230 status=pass target=region1.v2.argotunnel.com
2026-10-06T07:31:21Z INF precheck component="TCP Connectivity" details="HTTP/2 connection successful" run_id=6a9ed01e-e240-4323-8f17-bb0f04bd7230 status=pass target=region2.v2.argotunnel.com
2026-10-06T07:31:21Z INF precheck component="Cloudflare API" details="API is reachable" run_id=6a9ed01e-e240-4323-8f17-bb0f04bd7230 status=pass target=api.cloudflare.com:443
2026-10-06T07:31:21Z INF precheck complete hard_fail=false run_id=6a9ed01e-e240-4323-8f17-bb0f04bd7230 suggested_protocol=quic
2026-10-06T07:31:22Z INF Registered tunnel connection connIndex=0 connection=7ee2f8ed-8390-4257-aa18-24d220e4ee93 event=0 ip=2606:4700:a0::3 location=txl01 protocol=quic
